 est_truth_run 
---------------
 
(1 row)

 est_run 
---------
 
(1 row)

 est_run 
---------
 
(1 row)

 est_run 
---------
 
(1 row)

 est_run 
---------
 
(1 row)

 est_run 
---------
 
(1 row)

 est_run 
---------
 
(1 row)

 est_run 
---------
 
(1 row)

 est_run 
---------
 
(1 row)

 est_run 
---------
 
(1 row)

 est_run 
---------
 
(1 row)

 buckets 
---------
    1000
(1 row)

   field    | rep | median |   range   | rows_counted 
------------+-----+--------+-----------+--------------
 omega_cen  |   1 |   0.07 | 0.05-0.54 |         4762
 omega_cen  |   2 |   0.09 | 0.06-0.51 |         4762
 omega_cen  |   3 |   0.08 | 0.06-0.54 |         4762
 omega_cen  |   4 |   0.08 | 0.06-0.51 |         4762
 omega_cen  |   5 |   0.07 | 0.05-0.53 |         4762
 omega_cen  |   6 |   0.08 | 0.06-0.53 |         4762
 omega_cen  |   7 |   0.08 | 0.06-0.50 |         4762
 omega_cen  |   8 |   0.06 | 0.05-0.48 |         4762
 omega_cen  |   9 |   0.08 | 0.06-0.53 |         4762
 omega_cen  |  10 |   0.08 | 0.06-0.53 |         4762
 47tuc      |   1 |   0.06 | 0.03-0.76 |         3197
 47tuc      |   2 |   0.11 | 0.06-0.94 |         3197
 47tuc      |   3 |   0.06 | 0.03-0.76 |         3197
 47tuc      |   4 |   0.01 | 0.01-0.72 |         3197
 47tuc      |   5 |   0.01 | 0.00-0.61 |         3197
 47tuc      |   6 |   0.03 | 0.01-0.61 |         3197
 47tuc      |   7 |   0.02 | 0.01-0.60 |         3197
 47tuc      |   8 |   0.06 | 0.03-0.79 |         3197
 47tuc      |   9 |   0.01 | 0.01-0.91 |         3197
 47tuc      |  10 |   0.02 | 0.01-0.57 |         3197
 lmc        |   1 |   0.78 | 0.24-1.07 |        24073
 lmc        |   2 |   0.54 | 0.24-0.74 |        24073
 lmc        |   3 |   0.92 | 0.24-1.26 |        24073
 lmc        |   4 |   0.46 | 0.24-0.55 |        24073
 lmc        |   5 |   0.80 | 0.23-1.09 |        24073
 lmc        |   6 |   0.81 | 0.27-1.11 |        24073
 lmc        |   7 |   0.84 | 0.24-1.15 |        24073
 lmc        |   8 |   0.67 | 0.24-0.91 |        24073
 lmc        |   9 |   0.81 | 0.22-1.12 |        24073
 lmc        |  10 |   0.82 | 0.24-1.12 |        24073
 baade      |   1 |   0.98 | 0.53-1.14 |        26062
 baade      |   2 |   0.92 | 0.45-0.97 |        26062
 baade      |   3 |   0.94 | 0.48-1.02 |        26062
 baade      |   4 |   0.98 | 0.52-1.11 |        26062
 baade      |   5 |   0.97 | 0.47-1.01 |        26062
 baade      |   6 |   0.95 | 0.49-1.05 |        26062
 baade      |   7 |   0.93 | 0.46-0.98 |        26062
 baade      |   8 |   0.96 | 0.49-1.05 |        26062
 baade      |   9 |   0.96 | 0.50-1.06 |        26062
 baade      |  10 |   0.98 | 0.56-1.19 |        26062
 ngp        |   1 |   1.18 | 0.48-1.34 |           54
 ngp        |   2 |   1.27 | 0.52-1.44 |           54
 ngp        |   3 |   1.24 | 0.51-1.41 |           54
 ngp        |   4 |   1.28 | 0.52-1.45 |           54
 ngp        |   5 |   1.22 | 0.50-1.39 |           54
 ngp        |   6 |   1.26 | 0.52-1.43 |           54
 ngp        |   7 |   1.41 | 0.58-1.61 |           54
 ngp        |   8 |   1.30 | 0.53-1.48 |           54
 ngp        |   9 |   1.31 | 0.54-1.49 |           54
 ngp        |  10 |   1.49 | 0.61-1.69 |           54
 gal_centre |   1 |   3.64 | 2.97-5.20 |         3237
 gal_centre |   2 |   3.62 | 2.61-4.59 |         3237
 gal_centre |   3 |   3.80 | 2.75-4.82 |         3237
 gal_centre |   4 |   3.80 | 2.75-4.89 |         3237
 gal_centre |   5 |   3.41 | 1.95-4.87 |         3237
 gal_centre |   6 |   3.80 | 2.33-4.94 |         3237
 gal_centre |   7 |   3.76 | 2.64-4.94 |         3237
 gal_centre |   8 |   3.67 | 2.87-5.03 |         3237
 gal_centre |   9 |   3.65 | 2.69-4.77 |         3237
 gal_centre |  10 |   3.76 | 2.82-4.94 |         3237
(60 rows)

 est_decision_run 
------------------
 
(1 row)

   field    | est_ratio |   r    |  n   | best_order | chosen_over_best 
------------+-----------+--------+------+------------+------------------
 omega_cen  |      0.08 | 0.0028 |    0 | 13         |             1.07
 omega_cen  |      0.08 |   0.05 |   40 | 13         |             1.19
 omega_cen  |      0.08 |    0.5 | 1506 | 10         |             1.08
 47tuc      |      0.02 | 0.0028 |    0 | 12         |             1.06
 47tuc      |      0.02 |   0.05 |   59 | 12         |             1.53
 47tuc      |      0.02 |    0.5 |  927 | 10         |             1.05
 lmc        |      0.82 | 0.0028 |    0 | 12         |             1.06
 lmc        |      0.82 |   0.05 |   60 | 12         |             1.00
 lmc        |      0.82 |    0.5 | 5276 | 11         |             1.07
 baade      |      0.98 | 0.0028 |    1 | 13         |             1.31
 baade      |      0.98 |   0.05 |   49 | 13         |             1.10
 baade      |      0.98 |    0.5 | 4979 | 13         |             0.98
 ngp        |      1.49 | 0.0028 |    0 | 13         |             1.00
 ngp        |      1.49 |   0.05 |    0 | 12         |             1.00
 ngp        |      1.49 |    0.5 |    9 | 10         |             1.06
 gal_centre |      3.76 | 0.0028 |    0 | 10         |             1.07
 gal_centre |      3.76 |   0.05 |    3 | 13         |             1.11
 gal_centre |      3.76 |    0.5 |  479 | 10         |             1.02
(18 rows)

